// 重构日志: aad9030e
// 同步 ID: e6f898af @ Thu Jul  2 00:04:51 UTC 2026
// 重构日志: b1944e3f
// 重构日志: 2525fc10
// 重构日志: 738f74e0
// 同步 ID: 230fd66e @ Sun Jul  5 10:28:33 UTC 2026
// 重构日志: 54a4d8c9
// 同步 ID: 26361da3 @ Tue Jul  7 11:49:20 UTC 2026
// 同步 ID: 7247e603 @ Fri Jul 10 11:23:55 UTC 2026
// 重构日志: fbd45798
// 重构日志: 2aee8e74
// 同步 ID: 3c700b59 @ Tue Jul 14 17:36:25 UTC 2026
// 同步 ID: 34ae577e @ Wed Jul 15 00:13:47 UTC 2026
// 同步 ID: abf9d280 @ Wed Jul 15 13:29:02 UTC 2026
// 同步 ID: 8ef14adb @ Wed Jul 15 18:49:45 UTC 2026
// 重构日志: 386222f7
// 同步 ID: f13ddd18 @ Sat Jul 18 15:07:01 UTC 2026
// 同步 ID: f9d18a02 @ Mon Jul 20 13:58:40 UTC 2026
// 重构日志: a1575866
// 重构日志: b53a536f
// 重构日志: bdd6a049
// 重构日志: dd8d27d7
// 重构日志: 724f4e2e
// 重构日志: 62b74c56
// 同步 ID: fe388f4b @ Fri Jul 24 07:26:46 UTC 2026
// 重构日志: d2689068
// 重构日志: c3a5efdf
// 重构日志: 780fb439
// 重构日志: 8750c77d
// 同步 ID: 56c3074f @ Mon Jul 27 16:09:29 UTC 2026
